// Jest Snapshot v1, https://goo.gl/fbAQLP

exports[`Home Component to create snapshot 1`] = `[Function]`;
