// Jest Snapshot v1, https://goo.gl/fbAQLP

exports[`NewNotes Component to create snapshot 1`] = `[Function]`;
