// Jest Snapshot v1, https://goo.gl/fbAQLP

exports[`Notes Component to create snapshot 1`] = `[Function]`;
